     1                                  section .data
     2 00000000 300A                    	ex db "0",10
     3 00000002 01                      	num1 db 1
     4 00000003 3E                      	num2 db 62
     5                                  
     6                                  section .text
     7                                  	global _start
     8                                  
     9                                  _start:
    10 00000000 FF3425[02000000]        	push qword [num1]
    11 00000007 FF3425[03000000]        	push qword [num2]
    12 0000000E E80C000000              	call _print
    13                                  	
    14 00000013 B83C000000              	mov rax, 60
    15 00000018 BF00000000              	mov rdi, 0
    16 0000001D 0F05                    	syscall
    17                                  
    18                                  _print:
    19 0000001F 55                      	push rbp		; saving pointer to previous frame
    20 00000020 4889E5                  	mov rbp, rsp		; updating base pointer to the top of the stack
    21                                  ;	push qword [rbx]	; saving value of rbx 
    22                                  	
    23 00000023 488B4D02                	mov rcx, [rbp + 2]	; num1 relative to base pointer
    24 00000027 488B5501                	mov rdx, [rbp + 1]	; num2 relativee to base pointer
    25                                  	
    26 0000002B B801000000              	mov rax, 1
    27 00000030 4889CF                  	mov rdi, rcx		; we will control this with num1
    28                                  
    29 00000033 4889D3                  	mov rbx, rdx		; this one with num2
    30 00000036 003C25[00000000]        	add [ex], bh
    31                                  
    32 0000003D 48BE-                   	mov rsi, ex
    32 0000003F [0000000000000000] 
    33 00000047 BA02000000              	mov rdx, 2
    34 0000004C 0F05                    	syscall
    35                                  	
    36                                  ;	mov rbx, [rbp - 8]	;restoring value of rbx
    37 0000004E 4889EC                  	mov rsp, rbp
    38 00000051 5D                      	pop rbp	
    39 00000052 C3                      	ret 
